Microchip MPLAB XC8 Compiler V2.30

Linker command line:

-W-3 --edf=C:\Program Files\Microchip\xc8\v2.30\pic\dat\en_msgs.txt -cn \
  -h+dist/default/production\pic18f47q10-adcc-sensor-data-acquisition-mplab.X.production.sym \
  --cmf=dist/default/production\pic18f47q10-adcc-sensor-data-acquisition-mplab.X.production.cmf \
  -z -Q18F47Q10 -oC:\Users\I51005\AppData\Local\Temp\s412cx2 \
  --defsym=__MPLAB_BUILD=1 \
  -Mdist/default/production/pic18f47q10-adcc-sensor-data-acquisition-mplab.X.production.map \
  -E1 -ver=XC8 Compiler --acfsm=1493 -ASTACK=0148h-0CFFh -pstack=STACK \
  -ACODE=00h-01FFFFh -ACONST=00h-01FFFFh -ASMALLCONST=0F00h-0FFFhx497 \
  -AMEDIUMCONST=0F00h-0FFFFh,010F00h-01FFFFh -ACOMRAM=01h-05Fh \
  -AABS1=00h-0CFFh,0E00h-0E1Eh -ABIGRAM=01h-0CFFh,0E00h-0E1Eh \
  -ARAM=060h-0FFh,0100h-01FFhx12,0E00h-0E1Eh -ABANK0=060h-0FFh \
  -ABANK1=0100h-01FFh -ABANK2=0200h-02FFh -ABANK3=0300h-03FFh \
  -ABANK4=0400h-04FFh -ABANK5=0500h-05FFh -ABANK6=0600h-06FFh \
  -ABANK7=0700h-07FFh -ABANK8=0800h-08FFh -ABANK9=0900h-09FFh \
  -ABANK10=0A00h-0AFFh -ABANK11=0B00h-0BFFh -ABANK12=0C00h-0CFFh \
  -ABANK14=0E00h-0E1Eh -ASFR=0E1Fh-0EFFh,0F00h-0F5Fh,0F60h-0FFFh \
  -ACONFIG=0300000h-030000Bh -AIDLOC=0200000h-02000FFh \
  -AEEDATA=0310000h-03103FFh -peeprom_data=EEDATA \
  -preset_vec=00h,intcode=08h,intcodelo,powerup,init -pramtop=0F00h \
  -psmallconst=SMALLCONST -pmediumconst=MEDIUMCONST -pconst=CONST \
  -AFARRAM=00h-00h \
  -prdata=COMRAM,nvrram=COMRAM,nvbit=COMRAM,rbss=COMRAM,rbit=COMRAM \
  -pfarbss=FARRAM,fardata=FARRAM,nvFARRAM=FARRAM \
  -pintsave_regs=BIGRAM,bigbss=BIGRAM,bigdata=BIGRAM -pbss=RAM \
  -pidata=CODE,irdata=CODE,ibigdata=CODE,ifardata=CODE -prparam=COMRAM \
  C:\Users\I51005\AppData\Local\Temp\s412cxd.o \
  dist/default/production\pic18f47q10-adcc-sensor-data-acquisition-mplab.X.production.o 

Object code version is 3.11

Machine type is 18F47Q10



                Name                               Link     Load   Length Selector   Space Scale
C:\Users\I51005\AppData\Local\Temp\s412cxd.o
                idloc                            200000   200000      100        0       5
                config                           300000   300000        C        0       4
                init                                122      122        4        4       0
                reset_vec                             0        0        4        0       0
dist/default/production\pic18f47q10-adcc-sensor-data-acquisition-mplab.X.production.o
                intcode                               8        8      11A        4       0
                idloc                            200000   200000      100        0       5
                config                           300000   300000        C        0       4
                temp                                 59       59        1        1       1
                mediumconst                        FEB2     FEB2      14E     7F59       0
                text106                           13038    13038        8     8000       0
                text105                           1306A    1306A        2     8000       0
                text104                           12BFA    12BFA       36     8000       0
                text103                           12C90    12C90       2C     8000       0
                text102                           13046    13046        6     8000       0
                text101                           13068    13068        2     8000       0
                text100                           13040    13040        6     8000       0
                text99                            11E6A    11E6A       C2     8000       0
                text98                            1291E    1291E       44     8000       0
                text97                            13030    13030        8     8000       0
                text96                            13066    13066        2     8000       0
                text95                            12BC4    12BC4       36     8000       0
                text94                            13064    13064        2     8000       0
                text93                            12DB4    12DB4       28     8000       0
                text92                            12A28    12A28       42     8000       0
                text90                            12F22    12F22       16     8000       0
                text89                            12F60    12F60       14     8000       0
                text88                            125FC    125FC       58     8000       0
                text87                            1219C    1219C       88     8000       0
                text86                            126A8    126A8       54     8000       0
                text85                            12E6C    12E6C       20     8000       0
                text84                            13028    13028        8     8000       0
                text83                            13020    13020        8     8000       0
                text82                            129E6    129E6       42     8000       0
                text81                            12F4C    12F4C       14     8000       0
                text80                            12F38    12F38       14     8000       0
                text79                            12408    12408       6C     8000       0
                text78                            11B0C    11B0C       EC     8000       0
                text77                            12EDE    12EDE       18     8000       0
                text76                            12D3A    12D3A       2A     8000       0
                text75                            12112    12112       8A     8000       0
                text74                            12A6A    12A6A       3E     8000       0
                text73                            129A4    129A4       42     8000       0
                text72                            12E4A    12E4A       22     8000       0
                text71                            1239A    1239A       6E     8000       0
                text70                            12D10    12D10       2A     8000       0
                text69                            13060    13060        4     8000       0
                text68                            1305C    1305C        4     8000       0
                text67                            13018    13018        8     8000       0
                text66                            13010    13010        8     8000       0
                text65                            12FF2    12FF2        C     8000       0
                text64                            12D8C    12D8C       28     8000       0
                text63                            12FE4    12FE4        E     8000       0
                text62                            13058    13058        4     8000       0
                text61                            13054    13054        4     8000       0
                text60                            10B94    10B94      39A     8000       0
                text59                            10000    10000      42A     8000       0
                text58                            11A06    11A06      106     8000       0
                text57                            11548    11548      1B4     8000       0
                text56                            118A0    118A0      166     8000       0
                text55                            12840    12840       50     8000       0
                text54                            127F0    127F0       50     8000       0
                text53                            12F0C    12F0C       16     8000       0
                text52                            1259E    1259E       5E     8000       0
                text51                            12C30    12C30       32     8000       0
                text50                            12962    12962       42     8000       0
                text49                            127A0    127A0       50     8000       0
                text48                            12E8C    12E8C       1E     8000       0
                text47                            12E02    12E02       26     8000       0
                text46                            12B8C    12B8C       38     8000       0
                text45                            1274E    1274E       52     8000       0
                text44                            116FC    116FC      1A4     8000       0
                text43                            12AA8    12AA8       3C     8000       0
                text42                            12B54    12B54       38     8000       0
                text41                            12FFE    12FFE        A     8000       0
                text40                            11CDA    11CDA       CA     8000       0
                text39                            128DA    128DA       44     8000       0
                text38                            11DA4    11DA4       C6     8000       0
                text37                            12B1C    12B1C       38     8000       0
                text36                            12540    12540       5E     8000       0
                text35                            11270    11270      2D8     8000       0
                text34                            107E8    107E8      3AC     8000       0
                text33                            124DA    124DA       66     8000       0
                text32                            126FC    126FC       52     8000       0
                text31                            12322    12322       78     8000       0
                text30                            10F2E    10F2E      342     8000       0
                text29                            122AA    122AA       78     8000       0
                text28                            11BF8    11BF8       E2     8000       0
                text27                            12E28    12E28       22     8000       0
                text26                            1042A    1042A      3BE     8000       0
                text25                            13008    13008        8     8000       0
                text24                            13050    13050        4     8000       0
                text23                            11F2C    11F2C       BA     8000       0
                text22                            12EF6    12EF6       16     8000       0
                text21                            12CE6    12CE6       2A     8000       0
                text20                            12CBC    12CBC       2A     8000       0
                text19                            11FE6    11FE6       9C     8000       0
                text18                            12FD6    12FD6        E     8000       0
                text17                            12474    12474       66     8000       0
                text16                            12654    12654       54     8000       0
                text15                            12FC8    12FC8        E     8000       0
                text14                            12FBA    12FBA        E     8000       0
                text13                            12FAC    12FAC        E     8000       0
                text12                            12F9E    12F9E        E     8000       0
                text11                            12F90    12F90        E     8000       0
                text10                            12082    12082       90     8000       0
                text9                             1304C    1304C        4     8000       0
                text8                             12EC6    12EC6       18     8000       0
                text7                             12224    12224       86     8000       0
                text6                             12EAA    12EAA       1C     8000       0
                text5                             12F82    12F82        E     8000       0
                text4                             12D64    12D64       28     8000       0
                text3                             12F74    12F74        E     8000       0
                text2                             12890    12890       4A     8000       0
                text1                             12DDC    12DDC       26     8000       0
                text0                             12AE4    12AE4       38     8000       0
                cstackCOMRAM                          1        1       52        1       1
                cstackBANK0                          AF       AF       33       60       1
                cstackBANK1                         140      140        8      100       1
                bssBANK1                            100      100       40      100       1
                bssBANK0                             60       60       4F       60       1
                bssCOMRAM                            53       53        6        1       1
                cinit                             12C62    12C62       2E     8000       0
                nvBANK0                              E2       E2       1B       60       1

TOTAL           Name                               Link     Load   Length     Space
        CLASS   STACK          

        CLASS   CODE           
                intcode                               8        8      11A         0
                init                                122      122        4         0
                reset_vec                             0        0        4         0
                text106                           13038    13038        8         0
                text105                           1306A    1306A        2         0
                text104                           12BFA    12BFA       36         0
                text103                           12C90    12C90       2C         0
                text102                           13046    13046        6         0
                text101                           13068    13068        2         0
                text100                           13040    13040        6         0
                text99                            11E6A    11E6A       C2         0
                text98                            1291E    1291E       44         0
                text97                            13030    13030        8         0
                text96                            13066    13066        2         0
                text95                            12BC4    12BC4       36         0
                text94                            13064    13064        2         0
                text93                            12DB4    12DB4       28         0
                text92                            12A28    12A28       42         0
                text90                            12F22    12F22       16         0
                text89                            12F60    12F60       14         0
                text88                            125FC    125FC       58         0
                text87                            1219C    1219C       88         0
                text86                            126A8    126A8       54         0
                text85                            12E6C    12E6C       20         0
                text84                            13028    13028        8         0
                text83                            13020    13020        8         0
                text82                            129E6    129E6       42         0
                text81                            12F4C    12F4C       14         0
                text80                            12F38    12F38       14         0
                text79                            12408    12408       6C         0
                text78                            11B0C    11B0C       EC         0
                text77                            12EDE    12EDE       18         0
                text76                            12D3A    12D3A       2A         0
                text75                            12112    12112       8A         0
                text74                            12A6A    12A6A       3E         0
                text73                            129A4    129A4       42         0
                text72                            12E4A    12E4A       22         0
                text71                            1239A    1239A       6E         0
                text70                            12D10    12D10       2A         0
                text69                            13060    13060        4         0
                text68                            1305C    1305C        4         0
                text67                            13018    13018        8         0
                text66                            13010    13010        8         0
                text65                            12FF2    12FF2        C         0
                text64                            12D8C    12D8C       28         0
                text63                            12FE4    12FE4        E         0
                text62                            13058    13058        4         0
                text61                            13054    13054        4         0
                text60                            10B94    10B94      39A         0
                text59                            10000    10000      42A         0
                text58                            11A06    11A06      106         0
                text57                            11548    11548      1B4         0
                text56                            118A0    118A0      166         0
                text55                            12840    12840       50         0
                text54                            127F0    127F0       50         0
                text53                            12F0C    12F0C       16         0
                text52                            1259E    1259E       5E         0
                text51                            12C30    12C30       32         0
                text50                            12962    12962       42         0
                text49                            127A0    127A0       50         0
                text48                            12E8C    12E8C       1E         0
                text47                            12E02    12E02       26         0
                text46                            12B8C    12B8C       38         0
                text45                            1274E    1274E       52         0
                text44                            116FC    116FC      1A4         0
                text43                            12AA8    12AA8       3C         0
                text42                            12B54    12B54       38         0
                text41                            12FFE    12FFE        A         0
                text40                            11CDA    11CDA       CA         0
                text39                            128DA    128DA       44         0
                text38                            11DA4    11DA4       C6         0
                text37                            12B1C    12B1C       38         0
                text36                            12540    12540       5E         0
                text35                            11270    11270      2D8         0
                text34                            107E8    107E8      3AC         0
                text33                            124DA    124DA       66         0
                text32                            126FC    126FC       52         0
                text31                            12322    12322       78         0
                text30                            10F2E    10F2E      342         0
                text29                            122AA    122AA       78         0
                text28                            11BF8    11BF8       E2         0
                text27                            12E28    12E28       22         0
                text26                            1042A    1042A      3BE         0
                text25                            13008    13008        8         0
                text24                            13050    13050        4         0
                text23                            11F2C    11F2C       BA         0
                text22                            12EF6    12EF6       16         0
                text21                            12CE6    12CE6       2A         0
                text20                            12CBC    12CBC       2A         0
                text19                            11FE6    11FE6       9C         0
                text18                            12FD6    12FD6        E         0
                text17                            12474    12474       66         0
                text16                            12654    12654       54         0
                text15                            12FC8    12FC8        E         0
                text14                            12FBA    12FBA        E         0
                text13                            12FAC    12FAC        E         0
                text12                            12F9E    12F9E        E         0
                text11                            12F90    12F90        E         0
                text10                            12082    12082       90         0
                text9                             1304C    1304C        4         0
                text8                             12EC6    12EC6       18         0
                text7                             12224    12224       86         0
                text6                             12EAA    12EAA       1C         0
                text5                             12F82    12F82        E         0
                text4                             12D64    12D64       28         0
                text3                             12F74    12F74        E         0
                text2                             12890    12890       4A         0
                text1                             12DDC    12DDC       26         0
                text0                             12AE4    12AE4       38         0
                cinit                             12C62    12C62       2E         0

        CLASS   CONST          

        CLASS   SMALLCONST     

        CLASS   MEDIUMCONST    
                mediumconst                        FEB2     FEB2      14E         0

        CLASS   COMRAM         
                temp                                 59       59        1         1
                cstackCOMRAM                          1        1       52         1
                bssCOMRAM                            53       53        6         1

        CLASS   ABS1           

        CLASS   BIGRAM         

        CLASS   RAM            

        CLASS   BANK0          
                cstackBANK0                          AF       AF       33         1
                bssBANK0                             60       60       4F         1
                nvBANK0                              E2       E2       1B         1

        CLASS   BANK1          
                cstackBANK1                         140      140        8         1
                bssBANK1                            100      100       40         1

        CLASS   BANK2          

        CLASS   BANK3          

        CLASS   BANK4          

        CLASS   BANK5          

        CLASS   BANK6          

        CLASS   BANK7          

        CLASS   BANK8          

        CLASS   BANK9          

        CLASS   BANK10         

        CLASS   BANK11         

        CLASS   BANK12         

        CLASS   BANK14         

        CLASS   SFR            

        CLASS   CONFIG         
                config                           300000   300000        C         4

        CLASS   IDLOC          
                idloc                            200000   200000      100         5

        CLASS   EEDATA         

        CLASS   FARRAM         



SEGMENTS        Name                           Load    Length   Top    Selector   Space  Class

                reset_vec                      000000  000004  000004         0       0  CODE    
                cstackCOMRAM                   000001  000059  00005A         1       1  COMRAM  
                intcode                        000008  00011E  000126         4       0  CODE    
                bssBANK0                       000060  00009D  0000FD        60       1  BANK0   
                bssBANK1                       000100  000048  000148       100       1  BANK1   
                mediumconst                    00FEB2  00014E  010000      7F59       0  MEDIUMCO
                text59                         010000  00306C  01306C      8000       0  CODE    


UNUSED ADDRESS RANGES

        Name                Unused          Largest block    Delta
        BANK0            0000FD-0000FF                3
        BANK1            000148-0001FF               B8
        BANK10           000A00-000AFF              100
        BANK11           000B00-000BFF              100
        BANK12           000C00-000CFF              100
        BANK14           000E00-000E1E               1F
        BANK2            000200-0002FF              100
        BANK3            000300-0003FF              100
        BANK4            000400-0004FF              100
        BANK5            000500-0005FF              100
        BANK6            000600-0006FF              100
        BANK7            000700-0007FF              100
        BANK8            000800-0008FF              100
        BANK9            000900-0009FF              100
        BIGRAM           00005A-00005F                6
                         0000FD-0000FF                3
                         000148-000CFF              BB8
                         000E00-000E1E               1F
        CODE             000004-000007                4
                         000126-00FEB1             FD8C
                         01306C-01FFFF             CF94
        COMRAM           00005A-00005F                6
        CONST            000004-000007                4
                         000126-00FEB1             FD8C
                         01306C-01FFFF             CF94
        EEDATA           310000-3103FF              400
        MEDIUMCONST      000F00-00FEB1             EFB2
                         01306C-01FFFF             CF94
        RAM              0000FD-0000FF                3
                         000148-000CFF              100
                         000E00-000E1E               1F
        SFR              000E1F-000FFF               E1
        SMALLCONST       000F00-00FEB1              100
                         01306C-01FFFF              100
        STACK            000148-000CFF              BB8

                                  Symbol Table

?_ADCC_GetConversionResult                      cstackCOMRAM 000007
?_ADCC_GetFilterValue                           cstackCOMRAM 000007
?_CRC_CalculatedResultGet                       cstackCOMRAM 00000E
?_CRC_ReverseValue                              cstackCOMRAM 000007
?_FLASH_ReadWord                                cstackCOMRAM 000007
?___fldiv                                       cstackCOMRAM 000015
?___flmul                                       cstackCOMRAM 00002E
?___fltol                                       cstackCOMRAM 000047
?___wmul                                        cstackCOMRAM 000007
?___xxtofl                                      cstackCOMRAM 000007
?_atoi                                          cstackCOMRAM 00000E
?_getADCCommand                                 cstackCOMRAM 00000F
?_isalpha                                       cstackCOMRAM 000007
?_isdigit                                       cstackCOMRAM 000007
?_islower                                       cstackCOMRAM 000007
?_isspace                                       cstackCOMRAM 000007
?_isupper                                       cstackCOMRAM 000007
?_pad                                           cstackCOMRAM 000019
?_readChecksum                                  cstackCOMRAM 000009
?_readDataPtr                                   cstackCOMRAM 000009
?_sprintf                                       cstackBANK0  0000C6
?_strcmp                                        cstackCOMRAM 000007
?_strlen                                        cstackCOMRAM 000007
?_strncmp                                       cstackCOMRAM 000007
?_toupper                                       cstackCOMRAM 00000D
?_vfpfcnvrt                                     cstackCOMRAM 00004B
?_vfprintf                                      cstackBANK0  0000C0
?_xtoa                                          cstackCOMRAM 000024
ADCCSetSensorPin@adcPin                         cstackCOMRAM 000007
ADCC_SetADTIInterruptHandler@InterruptHandler   cstackCOMRAM 000007
ApplicationTask@adcValue                        cstackBANK0  0000E0
ApplicationTask@connection_data                 cstackBANK0  0000DE
ApplicationTask@connection_end                  cstackBANK0  0000DF
BLE2ClickGetstr@i                               cstackCOMRAM 00000A
BLE2_SendBuffer@buffer                          cstackCOMRAM 00000B
BLE2_SendBuffer@length                          cstackCOMRAM 00000D
BLE2_SendByte@byte                              cstackCOMRAM 000008
BLE2_SendString@command                         cstackCOMRAM 00000E
CRC_CalculatedResultGet@mask                    cstackCOMRAM 000013
CRC_CalculatedResultGet@result                  cstackCOMRAM 000016
CRC_CalculatedResultGet@reverse                 cstackCOMRAM 000015
CRC_CalculatedResultGet@xorValue                cstackCOMRAM 00000E
CRC_ReverseValue@crc                            cstackCOMRAM 000007
CRC_ReverseValue@mask                           cstackCOMRAM 00000C
CRC_ReverseValue@reverse                        cstackCOMRAM 00000A
CRC_SCAN_HasScanCompleted@status                cstackCOMRAM 000008
CRC_SCAN_SetAddressLimit@endAddr                cstackCOMRAM 00000B
CRC_SCAN_SetAddressLimit@startAddr              cstackCOMRAM 000007
DATAEE_ReadByte@bAdd                            cstackCOMRAM 000007
DATAEE_WriteByte@GIEBitValue                    cstackCOMRAM 00000A
DATAEE_WriteByte@bAdd                           cstackCOMRAM 000007
DATAEE_WriteByte@bData                          cstackCOMRAM 000009
EUSART1_Read@readValue                          cstackCOMRAM 000007
EUSART1_SetErrorHandler@interruptHandler        cstackCOMRAM 000007
EUSART1_SetFramingErrorHandler@interruptHandler cstackCOMRAM 000007
EUSART1_SetOverrunErrorHandler@interruptHandler cstackCOMRAM 000007
EUSART1_SetRxInterruptHandler@interruptHandler  cstackCOMRAM 000007
EUSART1_SetTxInterruptHandler@interruptHandler  cstackCOMRAM 000007
EUSART1_Write@txData                            cstackCOMRAM 000007
FLASHWriteWordSingle@GIEBitValue                cstackCOMRAM 000015
FLASHWriteWordSingle@data_check                 cstackCOMRAM 000013
FLASHWriteWordSingle@flashAddr                  cstackCOMRAM 00000D
FLASHWriteWordSingle@word                       cstackCOMRAM 000011
FLASH_EraseBlock@GIEBitValue                    cstackCOMRAM 00000B
FLASH_EraseBlock@flashAddr                      cstackCOMRAM 000007
FLASH_ReadWord@flashAddr                        cstackCOMRAM 000007
LogDataToPFM@adcValue                           cstackCOMRAM 000016
TMR0_SetInterruptHandler@InterruptHandler       cstackCOMRAM 000007
TMR0_WriteTimer@timerVal                        cstackCOMRAM 000007
TMR1_SetInterruptHandler@InterruptHandler       cstackCOMRAM 000007
TMR1_WriteTimer@timerVal                        cstackCOMRAM 000007
_ADACCH                                         (abs)        000F6C
_ADACCL                                         (abs)        000F6B
_ADACQ                                          (abs)        000F57
_ADACT                                          (abs)        000F51
_ADCAP                                          (abs)        000F58
_ADCCBasicModeInitialize                        text66       013010
_ADCCBurstModeInitialize                        text65       012FF2
_ADCCSetSensorPin                               text25       013008
_ADCC_ADTI_InterruptHandler                     nvBANK0      0000E8
_ADCC_DefaultInterruptHandler                   text105      01306A
_ADCC_GetConversionResult                       text90       012F22
_ADCC_GetFilterValue                            text89       012F60
_ADCC_Initialize                                text17       012474
_ADCC_SetADTIInterruptHandler                   text18       012FD6
_ADCC_ThresholdISR                              text104      012BFA
_ADCC_UserInterruptHandler                      text106      013038
_ADCLK                                          (abs)        000F52
_ADCNT                                          (abs)        000F62
_ADCON0                                         (abs)        000F5B
_ADCON0bits                                     (abs)        000F5B
_ADCON1                                         (abs)        000F54
_ADCON1bits                                     (abs)        000F54
_ADCON2                                         (abs)        000F55
_ADCON2bits                                     (abs)        000F55
_ADCON3                                         (abs)        000F56
_ADCON3bits                                     (abs)        000F56
_ADERRH                                         (abs)        000F6A
_ADERRL                                         (abs)        000F69
_ADFLTRH                                        (abs)        000F6E
_ADFLTRL                                        (abs)        000F6D
_ADLTHH                                         (abs)        000F66
_ADLTHL                                         (abs)        000F65
_ADPCH                                          (abs)        000F5A
_ADPRE                                          (abs)        000F59
_ADPREVH                                        (abs)        000F5D
_ADPREVL                                        (abs)        000F5C
_ADREF                                          (abs)        000F53
_ADRESH                                         (abs)        000F5F
_ADRESL                                         (abs)        000F5E
_ADRPT                                          (abs)        000F61
_ADSTAT                                         (abs)        000F60
_ADSTATbits                                     (abs)        000F60
_ADSTPTH                                        (abs)        000F64
_ADSTPTL                                        (abs)        000F63
_ADUTHH                                         (abs)        000F68
_ADUTHL                                         (abs)        000F67
_ANSELA                                         (abs)        000F0C
_ANSELB                                         (abs)        000F14
_ANSELC                                         (abs)        000F1C
_ANSELD                                         (abs)        000F21
_ANSELE                                         (abs)        000F29
_ApplicationTask                                text26       01042A
_BAUD1CON                                       (abs)        000F9E
_BLE2ClickGetstr                                text87       01219C
_BLE2ClickSetup                                 text23       011F2C
_BLE2_SendBuffer                                text50       012962
_BLE2_SendByte                                  text51       012C30
_BLE2_SendString                                text48       012E8C
_BLE2_WakeModule                                text24       013050
_CRCACCH                                        (abs)        000F72
_CRCACCL                                        (abs)        000F71
_CRCBurstMode                                   text82       0129E6
_CRCCON0                                        (abs)        000F77
_CRCCON0bits                                    (abs)        000F77
_CRCCON1                                        (abs)        000F78
_CRCCON1bits                                    (abs)        000F78
_CRCDATH                                        (abs)        000F70
_CRCDATL                                        (abs)        000F6F
_CRCInitializeBurstMode                         text81       012F4C
_CRCInitializePeekMode                          text80       012F38
_CRCXORH                                        (abs)        000F76
_CRCXORL                                        (abs)        000F75
_CRC_CalculatedResultGet                        text78       011B0C
_CRC_Initialize                                 text16       012654
_CRC_ReverseValue                               text79       012408
_CRC_SCAN_HasScanCompleted                      text86       0126A8
_CRC_SCAN_HasScanCompleted$852                  cstackCOMRAM 000007
_CRC_SCAN_SetAddressLimit                       text85       012E6C
_CRC_SCAN_StartScanner                          text84       013028
_CRC_SCAN_StopScanner                           text83       013020
_DATAEE_ReadByte                                text22       012EF6
_DATAEE_WriteByte                               text73       0129A4
_EUSART1_DefaultErrorHandler                    text102      013046
_EUSART1_DefaultFramingErrorHandler             text101      013068
_EUSART1_DefaultOverrunErrorHandler             text100      013040
_EUSART1_ErrorHandler                           nvBANK0      0000EB
_EUSART1_FramingErrorHandler                    nvBANK0      0000F1
_EUSART1_Initialize                             text10       012082
_EUSART1_OverrunErrorHandler                    nvBANK0      0000EE
_EUSART1_Read                                   text88       0125FC
_EUSART1_Receive_ISR                            text99       011E6A
_EUSART1_RxDataHandler                          text103      012C90
_EUSART1_RxDefaultInterruptHandler              nvBANK0      0000F4
_EUSART1_SetErrorHandler                        text15       012FC8
_EUSART1_SetFramingErrorHandler                 text14       012FBA
_EUSART1_SetOverrunErrorHandler                 text13       012FAC
_EUSART1_SetRxInterruptHandler                  text12       012F9E
_EUSART1_SetTxInterruptHandler                  text11       012F90
_EUSART1_Transmit_ISR                           text98       01291E
_EUSART1_TxDefaultInterruptHandler              nvBANK0      0000F7
_EUSART1_Write                                  text52       01259E
_EUSART1_is_rx_ready                            text77       012EDE
_EUSART1_is_tx_done                             (abs)        000000
_EUSART1_is_tx_ready                            (abs)        000000
_FLASHWriteWordSingle                           text75       012112
_FLASH_EraseBlock                               text74       012A6A
_FLASH_ReadWord                                 text76       012D3A
_INLVLA                                         (abs)        000F08
_INLVLB                                         (abs)        000F10
_INLVLC                                         (abs)        000F18
_INLVLD                                         (abs)        000F1D
_INLVLE                                         (abs)        000F25
_INTCONbits                                     (abs)        000FF2
_INTERRUPT_Initialize                           text9        01304C
_INTERRUPT_InterruptManager                     intcode      000008
_InitialSetup                                   text19       011FE6
_LATA                                           (abs)        000F82
_LATAbits                                       (abs)        000F82
_LATB                                           (abs)        000F83
_LATC                                           (abs)        000F84
_LATD                                           (abs)        000F85
_LATDbits                                       (abs)        000F85
_LATE                                           (abs)        000F86
_LogDataToPFM                                   text71       01239A
_NVMADRH                                        (abs)        000F7A
_NVMADRL                                        (abs)        000F79
_NVMADRU                                        (abs)        000F7B
_NVMCON0                                        (abs)        000F7F
_NVMCON0bits                                    (abs)        000F7F
_NVMCON1bits                                    (abs)        000F80
_NVMCON2                                        (abs)        000F81
_NVMDAT                                         (abs)        000F7C
_NVMDATH                                        (abs)        000F7D
_NVMDATL                                        (abs)        000F7C
_ODCONA                                         (abs)        000F0A
_ODCONB                                         (abs)        000F12
_ODCONC                                         (abs)        000F1A
_ODCOND                                         (abs)        000F1F
_ODCONE                                         (abs)        000F27
_OSCCON1                                        (abs)        000ED3
_OSCCON3                                        (abs)        000ED5
_OSCEN                                          (abs)        000ED7
_OSCFRQ                                         (abs)        000ED9
_OSCILLATOR_Initialize                          text8        012EC6
_OSCTUNE                                        (abs)        000ED8
_PIE0bits                                       (abs)        000EBD
_PIE1bits                                       (abs)        000EBE
_PIE3bits                                       (abs)        000EC0
_PIE4bits                                       (abs)        000EC1
_PIN_MANAGER_Initialize                         text7        012224
_PIR0bits                                       (abs)        000EC5
_PIR1bits                                       (abs)        000EC6
_PIR3bits                                       (abs)        000EC8
_PIR4bits                                       (abs)        000EC9
_PIR7bits                                       (abs)        000ECC
_PMD0                                           (abs)        000EDC
_PMD1                                           (abs)        000EDD
_PMD2                                           (abs)        000EDE
_PMD3                                           (abs)        000EDF
_PMD4                                           (abs)        000EE0
_PMD5                                           (abs)        000EE1
_PMD_Initialize                                 text6        012EAA
_PORTAbits                                      (abs)        000F8C
_RC1REG                                         (abs)        000F98
_RC1STA                                         (abs)        000F9C
_RC1STAbits                                     (abs)        000F9C
_RC2PPS                                         (abs)        000EF4
_RX1PPS                                         (abs)        000EB0
_SCANCON0                                       (abs)        000F4A
_SCANCON0bits                                   (abs)        000F4A
_SCANHADRH                                      (abs)        000F48
_SCANHADRL                                      (abs)        000F47
_SCANHADRU                                      (abs)        000F49
_SCANLADRH                                      (abs)        000F45
_SCANLADRL                                      (abs)        000F44
_SCANLADRU                                      (abs)        000F46
_SCANTRIG                                       (abs)        000F4B
_SLRCONA                                        (abs)        000F09
_SLRCONB                                        (abs)        000F11
_SLRCONC                                        (abs)        000F19
_SLRCOND                                        (abs)        000F1E
_SLRCONE                                        (abs)        000F26
_SP1BRGH                                        (abs)        000F9B
_SP1BRGL                                        (abs)        000F9A
_SYSTEM_Initialize                              text1        012DDC
_StartCRCPeekMode                               text70       012D10
_T0CON0                                         (abs)        000FD4
_T0CON0bits                                     (abs)        000FD4
_T0CON1                                         (abs)        000FD5
_T1CLK                                          (abs)        000FD1
_T1CON                                          (abs)        000FCE
_T1CONbits                                      (abs)        000FCE
_T1GATE                                         (abs)        000FD0
_T1GCON                                         (abs)        000FCF
_T1GCONbits                                     (abs)        000FCF
_TABLAT                                         (abs)        000FF5
_TBLPTRH                                        (abs)        000FF7
_TBLPTRL                                        (abs)        000FF6
_TBLPTRU                                        (abs)        000FF8
_TMR0H                                          (abs)        000FD3
_TMR0L                                          (abs)        000FD2
_TMR0_DefaultInterruptHandler                   text96       013066
_TMR0_ISR                                       text95       012BC4
_TMR0_Initialize                                text4        012D64
_TMR0_InterruptHandler                          nvBANK0      0000E5
_TMR0_SetInterruptHandler                       text5        012F82
_TMR0_StartTimer                                text69       013060
_TMR0_StopTimer                                 text68       01305C
_TMR0_UserInterruptHandler                      text97       013030
_TMR0_WriteTimer                                text67       013018
_TMR1H                                          (abs)        000FCD
_TMR1L                                          (abs)        000FCC
_TMR1_DefaultInterruptHandler                   text94       013064
_TMR1_ISR                                       text92       012A28
_TMR1_Initialize                                text2        012890
_TMR1_InterruptHandler                          nvBANK0      0000E2
_TMR1_Reload                                    text63       012FE4
_TMR1_SetInterruptHandler                       text3        012F74
_TMR1_StartTimer                                text62       013058
_TMR1_StopTimer                                 text61       013054
_TMR1_WriteTimer                                text64       012D8C
_TRISA                                          (abs)        000F87
_TRISB                                          (abs)        000F88
_TRISC                                          (abs)        000F89
_TRISD                                          (abs)        000F8A
_TRISE                                          (abs)        000F8B
_TX1REG                                         (abs)        000F99
_TX1STA                                         (abs)        000F9D
_TX1STAbits                                     (abs)        000F9D
_WPUA                                           (abs)        000F0B
_WPUB                                           (abs)        000F13
_WPUC                                           (abs)        000F1B
_WPUD                                           (abs)        000F20
_WPUE                                           (abs)        000F28
__HRAM                                          (abs)        000000
__Habs1                                         abs1         000000
__Hbank0                                        bank0        000000
__Hbank1                                        bank1        000000
__Hbank10                                       bank10       000000
__Hbank11                                       bank11       000000
__Hbank12                                       bank12       000000
__Hbank14                                       bank14       000000
__Hbank2                                        bank2        000000
__Hbank3                                        bank3        000000
__Hbank4                                        bank4        000000
__Hbank5                                        bank5        000000
__Hbank6                                        bank6        000000
__Hbank7                                        bank7        000000
__Hbank8                                        bank8        000000
__Hbank9                                        bank9        000000
__Hbigbss                                       bigbss       000000
__Hbigdata                                      bigdata      000000
__Hbigram                                       bigram       000000
__Hbss                                          bss          000000
__HbssBANK0                                     bssBANK0     000000
__HbssBANK1                                     bssBANK1     000000
__HbssCOMRAM                                    bssCOMRAM    000000
__Hcinit                                        cinit        000000
__Hclrtext                                      clrtext      000000
__Hcomram                                       comram       000000
__Hconfig                                       config       30000C
__Hconst                                        const        000000
__HcstackBANK0                                  cstackBANK0  000000
__HcstackBANK1                                  cstackBANK1  000000
__HcstackCOMRAM                                 cstackCOMRAM 000000
__Hdata                                         data         000000
__Heeprom_data                                  eeprom_data  000000
__Hfarbss                                       farbss       000000
__Hfardata                                      fardata      000000
__Hibigdata                                     ibigdata     000000
__Hidata                                        idata        000000
__Hidloc                                        idloc        200100
__Hifardata                                     ifardata     000000
__Hinit                                         init         000126
__Hintcode                                      intcode      000122
__Hintcode_body                                 intcode_body 000000
__Hintcodelo                                    intcodelo    000122
__Hintentry                                     intentry     000000
__Hintret                                       intret       000000
__Hintsave_regs                                 intsave_regs 000000
__Hirdata                                       irdata       000000
__Hmediumconst                                  mediumconst  010000
__HnvBANK0                                      nvBANK0      000000
__HnvFARRAM                                     nvFARRAM     000000
__Hnvbit                                        nvbit        000000
__Hnvrram                                       nvrram       000000
__Hparam                                        rparam       000000
__Hpowerup                                      powerup      000122
__Hram                                          ram          000000
__Hramtop                                       ramtop       000F00
__Hrbit                                         rbit         000000
__Hrbss                                         rbss         000000
__Hrdata                                        rdata        000000
__Hreset_vec                                    reset_vec    000004
__Hrparam                                       rparam       000000
__Hsfr                                          sfr          000000
__Hsmallconst                                   smallconst   000000
__Hspace_0                                      (abs)        01306C
__Hspace_1                                      (abs)        000148
__Hspace_2                                      (abs)        000000
__Hspace_4                                      (abs)        60000C
__Hstack                                        stack        000000
__Hstruct                                       struct       000000
__Htemp                                         temp         00005A
__Htext                                         text         000000
__Htext0                                        text0        000000
__Htext1                                        text1        000000
__Htext10                                       text10       000000
__Htext100                                      text100      000000
__Htext101                                      text101      000000
__Htext102                                      text102      000000
__Htext103                                      text103      000000
__Htext104                                      text104      000000
__Htext105                                      text105      000000
__Htext106                                      text106      000000
__Htext107                                      text107      000000
__Htext11                                       text11       000000
__Htext12                                       text12       000000
__Htext13                                       text13       000000
__Htext14                                       text14       000000
__Htext15                                       text15       000000
__Htext16                                       text16       000000
__Htext17                                       text17       000000
__Htext18                                       text18       000000
__Htext19                                       text19       000000
__Htext2                                        text2        000000
__Htext20                                       text20       000000
__Htext21                                       text21       000000
__Htext22                                       text22       000000
__Htext23                                       text23       000000
__Htext24                                       text24       000000
__Htext25                                       text25       000000
__Htext26                                       text26       000000
__Htext27                                       text27       000000
__Htext28                                       text28       000000
__Htext29                                       text29       000000
__Htext3                                        text3        000000
__Htext30                                       text30       000000
__Htext31                                       text31       000000
__Htext32                                       text32       000000
__Htext33                                       text33       000000
__Htext34                                       text34       000000
__Htext35                                       text35       000000
__Htext36                                       text36       000000
__Htext37                                       text37       000000
__Htext38                                       text38       000000
__Htext39                                       text39       000000
__Htext4                                        text4        000000
__Htext40                                       text40       000000
__Htext41                                       text41       000000
__Htext42                                       text42       000000
__Htext43                                       text43       000000
__Htext44                                       text44       000000
__Htext45                                       text45       000000
__Htext46                                       text46       000000
__Htext47                                       text47       000000
__Htext48                                       text48       000000
__Htext49                                       text49       000000
__Htext5                                        text5        000000
__Htext50                                       text50       000000
__Htext51                                       text51       000000
__Htext52                                       text52       000000
__Htext53                                       text53       000000
__Htext54                                       text54       000000
__Htext55                                       text55       000000
__Htext56                                       text56       000000
__Htext57                                       text57       000000
__Htext58                                       text58       000000
__Htext59                                       text59       000000
__Htext6                                        text6        000000
__Htext60                                       text60       000000
__Htext61                                       text61       000000
__Htext62                                       text62       000000
__Htext63                                       text63       000000
__Htext64                                       text64       000000
__Htext65                                       text65       000000
__Htext66                                       text66       000000
__Htext67                                       text67       000000
__Htext68                                       text68       000000
__Htext69                                       text69       000000
__Htext7                                        text7        000000
__Htext70                                       text70       000000
__Htext71                                       text71       000000
__Htext72                                       text72       000000
__Htext73                                       text73       000000
__Htext74                                       text74       000000
__Htext75                                       text75       000000
__Htext76                                       text76       000000
__Htext77                                       text77       000000
__Htext78                                       text78       000000
__Htext79                                       text79       000000
__Htext8                                        text8        000000
__Htext80                                       text80       000000
__Htext81                                       text81       000000
__Htext82                                       text82       000000
__Htext83                                       text83       000000
__Htext84                                       text84       000000
__Htext85                                       text85       000000
__Htext86                                       text86       000000
__Htext87                                       text87       000000
__Htext88                                       text88       000000
__Htext89                                       text89       000000
__Htext9                                        text9        000000
__Htext90                                       text90       000000
__Htext92                                       text92       000000
__Htext93                                       text93       000000
__Htext94                                       text94       000000
__Htext95                                       text95       000000
__Htext96                                       text96       000000
__Htext97                                       text97       000000
__Htext98                                       text98       000000
__Htext99                                       text99       000000
__LRAM                                          (abs)        000001
__Labs1                                         abs1         000000
__Lbank0                                        bank0        000000
__Lbank1                                        bank1        000000
__Lbank10                                       bank10       000000
__Lbank11                                       bank11       000000
__Lbank12                                       bank12       000000
__Lbank14                                       bank14       000000
__Lbank2                                        bank2        000000
__Lbank3                                        bank3        000000
__Lbank4                                        bank4        000000
__Lbank5                                        bank5        000000
__Lbank6                                        bank6        000000
__Lbank7                                        bank7        000000
__Lbank8                                        bank8        000000
__Lbank9                                        bank9        000000
__Lbigbss                                       bigbss       000000
__Lbigdata                                      bigdata      000000
__Lbigram                                       bigram       000000
__Lbss                                          bss          000000
__LbssBANK0                                     bssBANK0     000000
__LbssBANK1                                     bssBANK1     000000
__LbssCOMRAM                                    bssCOMRAM    000000
__Lcinit                                        cinit        000000
__Lclrtext                                      clrtext      000000
__Lcomram                                       comram       000000
__Lconfig                                       config       000000
__Lconst                                        const        000000
__LcstackBANK0                                  cstackBANK0  000000
__LcstackBANK1                                  cstackBANK1  000000
__LcstackCOMRAM                                 cstackCOMRAM 000000
__Ldata                                         data         000000
__Leeprom_data                                  eeprom_data  000000
__Lfarbss                                       farbss       000000
__Lfardata                                      fardata      000000
__Libigdata                                     ibigdata     000000
__Lidata                                        idata        000000
__Lidloc                                        idloc        000000
__Lifardata                                     ifardata     000000
__Linit                                         init         000122
__Lintcode                                      intcode      000008
__Lintcode_body                                 intcode_body 000000
__Lintcodelo                                    intcodelo    000122
__Lintentry                                     intentry     000000
__Lintret                                       intret       000000
__Lintsave_regs                                 intsave_regs 000000
__Lirdata                                       irdata       000000
__Lmediumconst                                  mediumconst  00FEB2
__LnvBANK0                                      nvBANK0      000000
__LnvFARRAM                                     nvFARRAM     000000
__Lnvbit                                        nvbit        000000
__Lnvrram                                       nvrram       000000
__Lparam                                        rparam       000000
__Lpowerup                                      powerup      000122
__Lram                                          ram          000000
__Lramtop                                       ramtop       000F00
__Lrbit                                         rbit         000000
__Lrbss                                         rbss         000000
__Lrdata                                        rdata        000000
__Lreset_vec                                    reset_vec    000000
__Lrparam                                       rparam       000000
__Lsfr                                          sfr          000000
__Lsmallconst                                   smallconst   000000
__Lspace_0                                      (abs)        000000
__Lspace_1                                      (abs)        000000
__Lspace_2                                      (abs)        000000
__Lspace_4                                      (abs)        000000
__Lstack                                        stack        000000
__Lstruct                                       struct       000000
__Ltemp                                         temp         000059
__Ltext                                         text         000000
__Ltext0                                        text0        000000
__Ltext1                                        text1        000000
__Ltext10                                       text10       000000
__Ltext100                                      text100      000000
__Ltext101                                      text101      000000
__Ltext102                                      text102      000000
__Ltext103                                      text103      000000
__Ltext104                                      text104      000000
__Ltext105                                      text105      000000
__Ltext106                                      text106      000000
__Ltext107                                      text107      000000
__Ltext11                                       text11       000000
__Ltext12                                       text12       000000
__Ltext13                                       text13       000000
__Ltext14                                       text14       000000
__Ltext15                                       text15       000000
__Ltext16                                       text16       000000
__Ltext17                                       text17       000000
__Ltext18                                       text18       000000
__Ltext19                                       text19       000000
__Ltext2                                        text2        000000
__Ltext20                                       text20       000000
__Ltext21                                       text21       000000
__Ltext22                                       text22       000000
__Ltext23                                       text23       000000
__Ltext24                                       text24       000000
__Ltext25                                       text25       000000
__Ltext26                                       text26       000000
__Ltext27                                       text27       000000
__Ltext28                                       text28       000000
__Ltext29                                       text29       000000
__Ltext3                                        text3        000000
__Ltext30                                       text30       000000
__Ltext31                                       text31       000000
__Ltext32                                       text32       000000
__Ltext33                                       text33       000000
__Ltext34                                       text34       000000
__Ltext35                                       text35       000000
__Ltext36                                       text36       000000
__Ltext37                                       text37       000000
__Ltext38                                       text38       000000
__Ltext39                                       text39       000000
__Ltext4                                        text4        000000
__Ltext40                                       text40       000000
__Ltext41                                       text41       000000
__Ltext42                                       text42       000000
__Ltext43                                       text43       000000
__Ltext44                                       text44       000000
__Ltext45                                       text45       000000
__Ltext46                                       text46       000000
__Ltext47                                       text47       000000
__Ltext48                                       text48       000000
__Ltext49                                       text49       000000
__Ltext5                                        text5        000000
__Ltext50                                       text50       000000
__Ltext51                                       text51       000000
__Ltext52                                       text52       000000
__Ltext53                                       text53       000000
__Ltext54                                       text54       000000
__Ltext55                                       text55       000000
__Ltext56                                       text56       000000
__Ltext57                                       text57       000000
__Ltext58                                       text58       000000
__Ltext59                                       text59       000000
__Ltext6                                        text6        000000
__Ltext60                                       text60       000000
__Ltext61                                       text61       000000
__Ltext62                                       text62       000000
__Ltext63                                       text63       000000
__Ltext64                                       text64       000000
__Ltext65                                       text65       000000
__Ltext66                                       text66       000000
__Ltext67                                       text67       000000
__Ltext68                                       text68       000000
__Ltext69                                       text69       000000
__Ltext7                                        text7        000000
__Ltext70                                       text70       000000
__Ltext71                                       text71       000000
__Ltext72                                       text72       000000
__Ltext73                                       text73       000000
__Ltext74                                       text74       000000
__Ltext75                                       text75       000000
__Ltext76                                       text76       000000
__Ltext77                                       text77       000000
__Ltext78                                       text78       000000
__Ltext79                                       text79       000000
__Ltext8                                        text8        000000
__Ltext80                                       text80       000000
__Ltext81                                       text81       000000
__Ltext82                                       text82       000000
__Ltext83                                       text83       000000
__Ltext84                                       text84       000000
__Ltext85                                       text85       000000
__Ltext86                                       text86       000000
__Ltext87                                       text87       000000
__Ltext88                                       text88       000000
__Ltext89                                       text89       000000
__Ltext9                                        text9        000000
__Ltext90                                       text90       000000
__Ltext92                                       text92       000000
__Ltext93                                       text93       000000
__Ltext94                                       text94       000000
__Ltext95                                       text95       000000
__Ltext96                                       text96       000000
__Ltext97                                       text97       000000
__Ltext98                                       text98       000000
__Ltext99                                       text99       000000
__S0                                            (abs)        01306C
__S1                                            (abs)        000148
__S2                                            (abs)        000000
__S4                                            (abs)        000000
__S5                                            (abs)        000000
___fldiv                                        text60       010B94
___fldiv@a                                      cstackCOMRAM 000019
___fldiv@aexp                                   cstackCOMRAM 00002D
___fldiv@b                                      cstackCOMRAM 000015
___fldiv@bexp                                   cstackCOMRAM 00002C
___fldiv@grs                                    cstackCOMRAM 000028
___fldiv@new_exp                                cstackCOMRAM 000026
___fldiv@rem                                    cstackCOMRAM 000021
___fldiv@sign                                   cstackCOMRAM 000025
___flmul                                        text59       010000
___flmul@a                                      cstackCOMRAM 000032
___flmul@aexp                                   cstackCOMRAM 00003B
___flmul@b                                      cstackCOMRAM 00002E
___flmul@bexp                                   cstackCOMRAM 000040
___flmul@grs                                    cstackCOMRAM 00003C
___flmul@prod                                   cstackCOMRAM 000041
___flmul@sign                                   cstackCOMRAM 00003A
___flmul@temp                                   cstackCOMRAM 000045
___fltol                                        text58       011A06
___fltol@exp1                                   cstackCOMRAM 000050
___fltol@f1                                     cstackCOMRAM 000047
___fltol@sign1                                  cstackCOMRAM 00004F
___inthi_sp                                     stack        000000
___intlo_sp                                     stack        000000
___param_bank                                   (abs)        000000
___rparam_used                                  (abs)        000001
___sp                                           stack        000000
___wmul                                         text47       012E02
___wmul@multiplicand                            cstackCOMRAM 000009
___wmul@multiplier                              cstackCOMRAM 000007
___wmul@product                                 cstackCOMRAM 00000B
___xxtofl                                       text57       011548
___xxtofl@arg                                   cstackCOMRAM 000011
___xxtofl@exp                                   cstackCOMRAM 000010
___xxtofl@sign                                  cstackCOMRAM 00000F
___xxtofl@val                                   cstackCOMRAM 000007
__accesstop                                     (abs)        000060
__activetblptr                                  (abs)        000003
__end_of_ADCCBasicModeInitialize                text66       013018
__end_of_ADCCBurstModeInitialize                text65       012FFE
__end_of_ADCCSetSensorPin                       text25       013010
__end_of_ADCC_DefaultInterruptHandler           text105      01306C
__end_of_ADCC_GetConversionResult               text90       012F38
__end_of_ADCC_GetFilterValue                    text89       012F74
__end_of_ADCC_Initialize                        text17       0124DA
__end_of_ADCC_SetADTIInterruptHandler           text18       012FE4
__end_of_ADCC_ThresholdISR                      text104      012C30
__end_of_ADCC_UserInterruptHandler              text106      013040
__end_of_ApplicationTask                        text26       0107E8
__end_of_BLE2ClickGetstr                        text87       012224
__end_of_BLE2ClickSetup                         text23       011FE6
__end_of_BLE2_SendBuffer                        text50       0129A4
__end_of_BLE2_SendByte                          text51       012C62
__end_of_BLE2_SendString                        text48       012EAA
__end_of_BLE2_WakeModule                        text24       013054
__end_of_CRCBurstMode                           text82       012A28
__end_of_CRCInitializeBurstMode                 text81       012F60
__end_of_CRCInitializePeekMode                  text80       012F4C
__end_of_CRC_CalculatedResultGet                text78       011BF8
__end_of_CRC_Initialize                         text16       0126A8
__end_of_CRC_ReverseValue                       text79       012474
__end_of_CRC_SCAN_HasScanCompleted              text86       0126FC
__end_of_CRC_SCAN_SetAddressLimit               text85       012E8C
__end_of_CRC_SCAN_StartScanner                  text84       013030
__end_of_CRC_SCAN_StopScanner                   text83       013028
__end_of_DATAEE_ReadByte                        text22       012F0C
__end_of_DATAEE_WriteByte                       text73       0129E6
__end_of_EUSART1_DefaultErrorHandler            text102      01304C
__end_of_EUSART1_DefaultFramingErrorHandler     text101      01306A
__end_of_EUSART1_DefaultOverrunErrorHandler     text100      013046
__end_of_EUSART1_Initialize                     text10       012112
__end_of_EUSART1_Read                           text88       012654
__end_of_EUSART1_Receive_ISR                    text99       011F2C
__end_of_EUSART1_RxDataHandler                  text103      012CBC
__end_of_EUSART1_SetErrorHandler                text15       012FD6
__end_of_EUSART1_SetFramingErrorHandler         text14       012FC8
__end_of_EUSART1_SetOverrunErrorHandler         text13       012FBA
__end_of_EUSART1_SetRxInterruptHandler          text12       012FAC
__end_of_EUSART1_SetTxInterruptHandler          text11       012F9E
__end_of_EUSART1_Transmit_ISR                   text98       012962
__end_of_EUSART1_Write                          text52       0125FC
__end_of_EUSART1_is_rx_ready                    text77       012EF6
__end_of_FLASHWriteWordSingle                   text75       01219C
__end_of_FLASH_EraseBlock                       text74       012AA8
__end_of_FLASH_ReadWord                         text76       012D64
__end_of_INTERRUPT_Initialize                   text9        013050
__end_of_INTERRUPT_InterruptManager             intcode      000122
__end_of_InitialSetup                           text19       012082
__end_of_LogDataToPFM                           text71       012408
__end_of_OSCILLATOR_Initialize                  text8        012EDE
__end_of_PIN_MANAGER_Initialize                 text7        0122AA
__end_of_PMD_Initialize                         text6        012EC6
__end_of_SYSTEM_Initialize                      text1        012E02
__end_of_StartCRCPeekMode                       text70       012D3A
__end_of_TMR0_DefaultInterruptHandler           text96       013068
__end_of_TMR0_ISR                               text95       012BFA
__end_of_TMR0_Initialize                        text4        012D8C
__end_of_TMR0_SetInterruptHandler               text5        012F90
__end_of_TMR0_StartTimer                        text69       013064
__end_of_TMR0_StopTimer                         text68       013060
__end_of_TMR0_UserInterruptHandler              text97       013038
__end_of_TMR0_WriteTimer                        text67       013020
__end_of_TMR1_DefaultInterruptHandler           text94       013066
__end_of_TMR1_ISR                               text92       012A6A
__end_of_TMR1_Initialize                        text2        0128DA
__end_of_TMR1_Reload                            text63       012FF2
__end_of_TMR1_SetInterruptHandler               text3        012F82
[...]
 Parameters:    Size  Location     Type
		None
 Auto vars:     Size  Location     Type
		None
 Return value:  Size  Location     Type
                  1    wreg      void 
 Registers used:
		None
 Tracked objects:
		On entry : 
		On exit  : 
		Unchanged: 
 Data sizes:     COMRAM   BANK0   BANK1   BANK2   BANK3   BANK4   BANK5   BANK6   BANK7   BANK8   BANK9  BANK10  BANK11  BANK12  BANK14
      Params:         0       0       0       0       0       0       0       0       0       0       0       0       0       0       0
      Locals:         0       0       0       0       0       0       0       0       0       0       0       0       0       0       0
      Temps:          0       0       0       0       0       0       0       0       0       0       0       0       0       0       0
      Totals:         0       0       0       0       0       0       0       0       0       0       0       0       0       0       0
Total ram usage:        0 bytes
 Hardware stack levels used:    1
 This function calls:
		Nothing
 This function is called by:
		_EUSART1_Initialize
		_EUSART1_Receive_ISR
 This function uses a non-reentrant model


 *************** function _EUSART1_DefaultFramingErrorHandler *****************
 Defined at:
		line 259 in file "mcc_generated_files/eusart1.c"
 Parameters:    Size  Location     Type
		None
 Auto vars:     Size  Location     Type
		None
 Return value:  Size  Location     Type
                  1    wreg      void 
 Registers used:
		None
 Tracked objects:
		On entry : 
		On exit  : 
		Unchanged: 
 Data sizes:     COMRAM   BANK0   BANK1   BANK2   BANK3   BANK4   BANK5   BANK6   BANK7   BANK8   BANK9  BANK10  BANK11  BANK12  BANK14
      Params:         0       0       0       0       0       0       0       0       0       0       0       0       0       0       0
      Locals:         0       0       0       0       0       0       0       0       0       0       0       0       0       0       0
      Temps:          0       0       0       0       0       0       0       0       0       0       0       0       0       0       0
      Totals:         0       0       0       0       0       0       0       0       0       0       0       0       0       0       0
Total ram usage:        0 bytes
 Hardware stack levels used:    1
 This function calls:
		Nothing
 This function is called by:
		_EUSART1_Initialize
		_EUSART1_Receive_ISR
 This function uses a non-reentrant model


 *************** function _EUSART1_DefaultErrorHandler *****************
 Defined at:
		line 269 in file "mcc_generated_files/eusart1.c"
 Parameters:    Size  Location     Type
		None
 Auto vars:     Size  Location     Type
		None
 Return value:  Size  Location     Type
                  1    wreg      void 
 Registers used:
		wreg, fsr2l, fsr2h, status,2, status,0, cstack
 Tracked objects:
		On entry : 
		On exit  : 
		Unchanged: 
 Data sizes:     COMRAM   BANK0   BANK1   BANK2   BANK3   BANK4   BANK5   BANK6   BANK7   BANK8   BANK9  BANK10  BANK11  BANK12  BANK14
      Params:         0       0       0       0       0       0       0       0       0       0       0       0       0       0       0
      Locals:         0       0       0       0       0       0       0       0       0       0       0       0       0       0       0
      Temps:          0       0       0       0       0       0       0       0       0       0       0       0       0       0       0
      Totals:         0       0       0       0       0       0       0       0       0       0       0       0       0       0       0
Total ram usage:        0 bytes
 Hardware stack levels used:    1
 Hardware stack levels required when called:    1
 This function calls:
		_EUSART1_RxDataHandler
 This function is called by:
		_EUSART1_Initialize
		_EUSART1_Receive_ISR
 This function uses a non-reentrant model


 *************** function _EUSART1_RxDataHandler *****************
 Defined at:
		line 249 in file "mcc_generated_files/eusart1.c"
 Parameters:    Size  Location     Type
		None
 Auto vars:     Size  Location     Type
		None
 Return value:  Size  Location     Type
                  1    wreg      void 
 Registers used:
		wreg, fsr2l, fsr2h, status,2, status,0
 Tracked objects:
		On entry : 
		On exit  : 
		Unchanged: 
 Data sizes:     COMRAM   BANK0   BANK1   BANK2   BANK3   BANK4   BANK5   BANK6   BANK7   BANK8   BANK9  BANK10  BANK11  BANK12  BANK14
      Params:         0       0       0       0       0       0       0       0       0       0       0       0       0       0       0
      Locals:         0       0       0       0       0       0       0       0       0       0       0       0       0       0       0
      Temps:          0       0       0       0       0       0       0       0       0       0       0       0       0       0       0
      Totals:         0       0       0       0       0       0       0       0       0       0       0       0       0       0       0
Total ram usage:        0 bytes
 Hardware stack levels used:    1
 This function calls:
		Nothing
 This function is called by:
		_EUSART1_Receive_ISR
		_EUSART1_DefaultErrorHandler
 This function uses a non-reentrant model


 *************** function _ADCC_ThresholdISR *****************
 Defined at:
		line 300 in file "mcc_generated_files/adcc.c"
 Parameters:    Size  Location     Type
		None
 Auto vars:     Size  Location     Type
		None
 Return value:  Size  Location     Type
                  1    wreg      void 
 Registers used:
		wreg, status,2, status,0, pclath, tosl, cstack
 Tracked objects:
		On entry : 
		On exit  : 
		Unchanged: 
 Data sizes:     COMRAM   BANK0   BANK1   BANK2   BANK3   BANK4   BANK5   BANK6   BANK7   BANK8   BANK9  BANK10  BANK11  BANK12  BANK14
      Params:         0       0       0       0       0       0       0       0       0       0       0       0       0       0       0
      Locals:         0       0       0       0       0       0       0       0       0       0       0       0       0       0       0
      Temps:          0       0       0       0       0       0       0       0       0       0       0       0       0       0       0
      Totals:         0       0       0       0       0       0       0       0       0       0       0       0       0       0       0
Total ram usage:        0 bytes
 Hardware stack levels used:    1
 Hardware stack levels required when called:    1
 This function calls:
		Absolute function
		_ADCC_DefaultInterruptHandler
		_ADCC_UserInterruptHandler
 This function is called by:
		_INTERRUPT_InterruptManager
 This function uses a non-reentrant model


 *************** function _ADCC_DefaultInterruptHandler *****************
 Defined at:
		line 312 in file "mcc_generated_files/adcc.c"
 Parameters:    Size  Location     Type
		None
 Auto vars:     Size  Location     Type
		None
 Return value:  Size  Location     Type
                  1    wreg      void 
 Registers used:
		None
 Tracked objects:
		On entry : 
		On exit  : 
		Unchanged: 
 Data sizes:     COMRAM   BANK0   BANK1   BANK2   BANK3   BANK4   BANK5   BANK6   BANK7   BANK8   BANK9  BANK10  BANK11  BANK12  BANK14
      Params:         0       0       0       0       0       0       0       0       0       0       0       0       0       0       0
      Locals:         0       0       0       0       0       0       0       0       0       0       0       0       0       0       0
      Temps:          0       0       0       0       0       0       0       0       0       0       0       0       0       0       0
      Totals:         0       0       0       0       0       0       0       0       0       0       0       0       0       0       0
Total ram usage:        0 bytes
 Hardware stack levels used:    1
 This function calls:
		Nothing
 This function is called by:
		_ADCC_Initialize
		_ADCC_ThresholdISR
 This function uses a non-reentrant model


 *************** function _ADCC_UserInterruptHandler *****************
 Defined at:
		line 441 in file "application.c"
 Parameters:    Size  Location     Type
		None
 Auto vars:     Size  Location     Type
		None
 Return value:  Size  Location     Type
                  1    wreg      void 
 Registers used:
		wreg, status,2
 Tracked objects:
		On entry : 
		On exit  : 
		Unchanged: 
 Data sizes:     COMRAM   BANK0   BANK1   BANK2   BANK3   BANK4   BANK5   BANK6   BANK7   BANK8   BANK9  BANK10  BANK11  BANK12  BANK14
      Params:         0       0       0       0       0       0       0       0       0       0       0       0       0       0       0
      Locals:         0       0       0       0       0       0       0       0       0       0       0       0       0       0       0
      Temps:          0       0       0       0       0       0       0       0       0       0       0       0       0       0       0
      Totals:         0       0       0       0       0       0       0       0       0       0       0       0       0       0       0
Total ram usage:        0 bytes
 Hardware stack levels used:    1
 This function calls:
		Nothing
 This function is called by:
		_main
		_ADCC_ThresholdISR
 This function uses a non-reentrant model



MODULE INFORMATION

Module		Function		Class		Link	Load	Size
C:\Program Files\Microchip\xc8\v2.30\pic\sources\c99\common\sprcmul.c
		___flmul       		CODE           	10000	0000	1066

C:\Program Files\Microchip\xc8\v2.30\pic\sources\c99\common\sprcmul.c estimated size: 1066

C:\Program Files\Microchip\xc8\v2.30\pic\sources\c99\common\sprcdiv.c
		___fldiv       		CODE           	10B94	0000	922

C:\Program Files\Microchip\xc8\v2.30\pic\sources\c99\common\sprcdiv.c estimated size: 922

C:\Program Files\Microchip\xc8\v2.30\pic\sources\c99\common\doprnt.c
		_vfpfcnvrt     		CODE           	107E8	0000	940
		_pad           		CODE           	11DA4	0000	198
		_vfprintf      		CODE           	124DA	0000	102
		_xtoa          		CODE           	11270	0000	728

C:\Program Files\Microchip\xc8\v2.30\pic\sources\c99\common\doprnt.c estimated size: 1968

C:\Program Files\Microchip\xc8\v2.30\pic\sources\c99\common\atoi.c
		_atoi          		CODE           	116FC	0000	420

C:\Program Files\Microchip\xc8\v2.30\pic\sources\c99\common\atoi.c estimated size: 420

C:\Program Files\Microchip\xc8\v2.30\pic\sources\c99\common\isdigit.c
		_isdigit       		CODE           	12B8C	0000	56

C:\Program Files\Microchip\xc8\v2.30\pic\sources\c99\common\isdigit.c estimated size: 56

C:\Program Files\Microchip\xc8\v2.30\pic\sources\c99\common\nf_fputs.c
		_fputs         		CODE           	128DA	0000	68

C:\Program Files\Microchip\xc8\v2.30\pic\sources\c99\common\nf_fputs.c estimated size: 68

mcc_generated_files/interrupt_manager.c
		_INTERRUPT_Initialize		CODE           	1304C	0000	4
		_INTERRUPT_InterruptManager		CODE           	0008	0000	282

mcc_generated_files/interrupt_manager.c estimated size: 286

C:\Program Files\Microchip\xc8\v2.30\pic\sources\c99\common\Umul16.c
		___wmul        		CODE           	12E02	0000	38

C:\Program Files\Microchip\xc8\v2.30\pic\sources\c99\common\Umul16.c estimated size: 38

mcc_generated_files/tmr0.c
		_TMR0_SetInterruptHandler		CODE           	12F82	0000	14
		_TMR0_StopTimer		CODE           	1305C	0000	4
		_TMR0_DefaultInterruptHandler		CODE           	13066	0000	2
		_TMR0_WriteTimer		CODE           	13018	0000	8
		_TMR0_StartTimer		CODE           	13060	0000	4
		_TMR0_ISR      		CODE           	12BC4	0000	54
		_TMR0_Initialize		CODE           	12D64	0000	40

mcc_generated_files/tmr0.c estimated size: 126

mcc_generated_files/pin_manager.c
		_PIN_MANAGER_Initialize		CODE           	12224	0000	134

mcc_generated_files/pin_manager.c estimated size: 134

mcc_generated_files/crc.c
		_CRC_SCAN_StartScanner		CODE           	13028	0000	8
		_CRC_SCAN_HasScanCompleted		CODE           	126A8	0000	84
		_CRC_SCAN_StopScanner		CODE           	13020	0000	8
		_CRC_Initialize		CODE           	12654	0000	84
		_CRC_SCAN_SetAddressLimit		CODE           	12E6C	0000	32
		_CRC_ReverseValue		CODE           	12408	0000	108
		_CRC_CalculatedResultGet		CODE           	11B0C	0000	236

mcc_generated_files/crc.c estimated size: 560

C:\Program Files\Microchip\xc8\v2.30\pic\sources\c99\common\fltol.c
		___fltol       		CODE           	11A06	0000	262

C:\Program Files\Microchip\xc8\v2.30\pic\sources\c99\common\fltol.c estimated size: 262

C:\Program Files\Microchip\xc8\v2.30\pic\sources\c99\common\isupper.c
		_isupper       		CODE           	12B54	0000	56

C:\Program Files\Microchip\xc8\v2.30\pic\sources\c99\common\isupper.c estimated size: 56

C:\Program Files\Microchip\xc8\v2.30\pic\sources\c99\common\xxtofl.c
		___xxtofl      		CODE           	11548	0000	436

C:\Program Files\Microchip\xc8\v2.30\pic\sources\c99\common\xxtofl.c estimated size: 436

shared
		_cmd_UUID      		MEDIUMCONST    	FF86	0000	38
		_resp_conn_notification		MEDIUMCONST    	FF05	0000	3
		_resp_conn_data		MEDIUMCONST    	FFF3	0000	3
		_resp_AOK      		MEDIUMCONST    	FEF9	0000	4
		_cmd_factoryreset		MEDIUMCONST    	FFE1	0000	7
		_cmd_adc_read  		MEDIUMCONST    	FF08	0000	44
		_cmd_name      		MEDIUMCONST    	FED1	0000	15
		_cmd_adc_write 		MEDIUMCONST    	FF34	0000	44
		_uart          		MEDIUMCONST    	FEB3	0000	30
		_cmd_advertise 		MEDIUMCONST    	FF01	0000	4
		_resp_conn_param		MEDIUMCONST    	FEEF	0000	10
		_resp_cmd      		MEDIUMCONST    	FEFD	0000	4
		__initialization		CODE           	12C62	0000	36
		i2_TMR1_WriteTimer		CODE           	12DB4	0000	40
		_cmd_adc_value_send		MEDIUMCONST    	FF60	0000	38
		_cmd_peripheral		MEDIUMCONST    	FFBB	0000	14
		_cmd_reboot    		MEDIUMCONST    	FFE8	0000	6
		_cmd_serialized_name		MEDIUMCONST    	FEE0	0000	15
		_cmd_cleanprivateservice		MEDIUMCONST    	FFEE	0000	5
		_resp_conn     		MEDIUMCONST    	FFD7	0000	10
		_cmd_userdefineprofile		MEDIUMCONST    	FFC9	0000	14
		_resp_conn_end 		MEDIUMCONST    	FFAC	0000	15

shared estimated size: 399

mcc_generated_files/eusart1.c
		_EUSART1_SetRxInterruptHandler		CODE           	12F9E	0000	14
		_EUSART1_SetTxInterruptHandler		CODE           	12F90	0000	14
		_EUSART1_is_rx_ready		CODE           	12EDE	0000	24
		_EUSART1_Initialize		CODE           	12082	0000	144
		_putch         		CODE           	12FFE	0000	10
		_EUSART1_DefaultErrorHandler		CODE           	13046	0000	6
		_EUSART1_SetFramingErrorHandler		CODE           	12FBA	0000	14
		_EUSART1_Read  		CODE           	125FC	0000	88
		_EUSART1_SetOverrunErrorHandler		CODE           	12FAC	0000	14
		_EUSART1_SetErrorHandler		CODE           	12FC8	0000	14
		_EUSART1_Write 		CODE           	1259E	0000	94
		_EUSART1_Receive_ISR		CODE           	11E6A	0000	194
		_EUSART1_RxDataHandler		CODE           	12C90	0000	44
		_EUSART1_DefaultOverrunErrorHandler		CODE           	13040	0000	6
		_EUSART1_Transmit_ISR		CODE           	1291E	0000	68
		_EUSART1_DefaultFramingErrorHandler		CODE           	13068	0000	2

mcc_generated_files/eusart1.c estimated size: 750

C:\Program Files\Microchip\xc8\v2.30\pic\sources\c99\common\nf_fputc.c
		_fputc         		CODE           	11CDA	0000	202

C:\Program Files\Microchip\xc8\v2.30\pic\sources\c99\common\nf_fputc.c estimated size: 202

mcc_generated_files/mcc.c
		_PMD_Initialize		CODE           	12EAA	0000	28
		_OSCILLATOR_Initialize		CODE           	12EC6	0000	24
		_SYSTEM_Initialize		CODE           	12DDC	0000	38

mcc_generated_files/mcc.c estimated size: 90

C:\Program Files\Microchip\xc8\v2.30\pic\sources\c99\common\strlen.c
		_strlen        		CODE           	127A0	0000	80

C:\Program Files\Microchip\xc8\v2.30\pic\sources\c99\common\strlen.c estimated size: 80

C:\Program Files\Microchip\xc8\v2.30\pic\sources\c99\common\strcmp.c
		_strcmp        		CODE           	122AA	0000	120

C:\Program Files\Microchip\xc8\v2.30\pic\sources\c99\common\strcmp.c estimated size: 120

mcc_generated_files/BLE2_driver.c
		_BLE2_SendByte 		CODE           	12C30	0000	50
		_BLE2_WakeModule		CODE           	13050	0000	4
		_BLE2_SendString		CODE           	12E8C	0000	30
		_BLE2_SendBuffer		CODE           	12962	0000	66

mcc_generated_files/BLE2_driver.c estimated size: 150

mcc_generated_files/tmr1.c
		_TMR1_Initialize		CODE           	12890	0000	74
		_TMR1_SetInterruptHandler		CODE           	12F74	0000	14
		_TMR1_StopTimer		CODE           	13054	0000	4
		_TMR1_Reload   		CODE           	12FE4	0000	14
		_TMR1_DefaultInterruptHandler		CODE           	13064	0000	2
		_TMR1_WriteTimer		CODE           	12D8C	0000	40
		_TMR1_StartTimer		CODE           	13058	0000	4
		_TMR1_ISR      		CODE           	12A28	0000	66

mcc_generated_files/tmr1.c estimated size: 218

C:\Program Files\Microchip\xc8\v2.30\pic\sources\c99\common\islower.c
		_islower       		CODE           	12B1C	0000	56

C:\Program Files\Microchip\xc8\v2.30\pic\sources\c99\common\islower.c estimated size: 56

C:\Program Files\Microchip\xc8\v2.30\pic\sources\c99\common\nf_sprintf.c
		_sprintf       		CODE           	126FC	0000	82

C:\Program Files\Microchip\xc8\v2.30\pic\sources\c99\common\nf_sprintf.c estimated size: 82

mcc_generated_files/memory.c
		_FLASH_EraseBlock		CODE           	12A6A	0000	62
		_FLASH_ReadWord		CODE           	12D3A	0000	42
		_DATAEE_WriteByte		CODE           	129A4	0000	66
		_DATAEE_ReadByte		CODE           	12EF6	0000	22

mcc_generated_files/memory.c estimated size: 192

C:\Program Files\Microchip\xc8\v2.30\pic\sources\c99\common\toupper.c
		_toupper       		CODE           	12540	0000	94

C:\Program Files\Microchip\xc8\v2.30\pic\sources\c99\common\toupper.c estimated size: 94

mcc_generated_files/adcc.c
		_ADCC_DefaultInterruptHandler		CODE           	1306A	0000	2
		_ADCC_GetFilterValue		CODE           	12F60	0000	20
		_ADCC_SetADTIInterruptHandler		CODE           	12FD6	0000	14
		_ADCC_GetConversionResult		CODE           	12F22	0000	22
		_ADCC_ThresholdISR		CODE           	12BFA	0000	54
		_ADCC_Initialize		CODE           	12474	0000	102

mcc_generated_files/adcc.c estimated size: 214

C:\Program Files\Microchip\xc8\v2.30\pic\sources\c99\common\isalpha.c
		_isalpha       		CODE           	12AA8	0000	60

C:\Program Files\Microchip\xc8\v2.30\pic\sources\c99\common\isalpha.c estimated size: 60

application.c
		_readChecksum  		CODE           	12CE6	0000	42
		_readDataPtr   		CODE           	12CBC	0000	42
		_CRCInitializePeekMode		CODE           	12F38	0000	20
		_CRCInitializeBurstMode		CODE           	12F4C	0000	20
		_processADCCommand		CODE           	10F2E	0000	834
		_sendADCCValueBLE		CODE           	12322	0000	120
		_ADCCBasicModeInitialize		CODE           	13010	0000	8
		_getHexValue   		CODE           	118A0	0000	358
		_writeChecksum 		CODE           	12E28	0000	34
		_ADCCBurstModeInitialize		CODE           	12FF2	0000	12
		_InitialSetup  		CODE           	11FE6	0000	156
		_ADCC_UserInterruptHandler		CODE           	13038	0000	8
		_CRCBurstMode  		CODE           	129E6	0000	66
		_getADCMode    		CODE           	127F0	0000	80
		_getADCCharacteristic		CODE           	12840	0000	80
		_ApplicationTask		CODE           	1042A	0000	958
		_ADCCSetSensorPin		CODE           	13008	0000	8
		_writeDataPtr  		CODE           	12E4A	0000	34
		_getADCCommand 		CODE           	12F0C	0000	22
		_LogDataToPFM  		CODE           	1239A	0000	110
		_FLASHWriteWordSingle		CODE           	12112	0000	138
		_StartCRCPeekMode		CODE           	12D10	0000	42
		_TMR0_UserInterruptHandler		CODE           	13030	0000	8

application.c estimated size: 3200

BLE2Click.c
		_BLE2ClickGetstr		CODE           	1219C	0000	136
		_BLE2ClickSetup		CODE           	11F2C	0000	186

BLE2Click.c estimated size: 322

C:\Program Files\Microchip\xc8\v2.30\pic\sources\c99\common\isspace.c
		_isspace       		CODE           	1274E	0000	82

C:\Program Files\Microchip\xc8\v2.30\pic\sources\c99\common\isspace.c estimated size: 82

main.c
		_main          		CODE           	12AE4	0000	56

main.c estimated size: 56

C:\Program Files\Microchip\xc8\v2.30\pic\sources\c99\common\strncmp.c
		_strncmp       		CODE           	11BF8	0000	226

C:\Program Files\Microchip\xc8\v2.30\pic\sources\c99\common\strncmp.c estimated size: 226

